// Jest Snapshot v1, https://goo.gl/fbAQLP

exports[`The question detail component The display element should not regress 1`] = `
<div>
  <h3
    className="mb-2"
  >
    Something
  </h3>
  <div>
    <div
      className="mb-3"
    >
      <div>
        <code>
          blah blah
        </code>
      </div>
    </div>
    <div>
      <p>
        Whatever
      </p>
    </div>
    <div>
      5
       Answers
    </div>
  </div>
</div>
`;
